// Jest Snapshot v1, https://goo.gl/fbAQLP

exports[`state should match to snapshot 1`] = `
<State
  error=""
  isLoaded={false}
>
  <div
    className="spinner"
  >
    <div
      className="bounce1"
    />
    <div
      className="bounce2"
    />
    <div
      className="bounce3"
    />
  </div>
</State>
`;
