// Jest Snapshot v1, https://goo.gl/fbAQLP

exports[`WeatherComponent should match to snapshot 1`] = `
<Weather>
  <div
    className="shadow-background"
  >
    <div
      className="card"
    >
      <State
        error=""
        isLoaded={false}
      >
        <div
          className="spinner"
        >
          <div
            className="bounce1"
          />
          <div
            className="bounce2"
          />
          <div
            className="bounce3"
          />
        </div>
      </State>
    </div>
  </div>
</Weather>
`;
